
> temp-app@0.1.0 build
> next build

  Γû▓ Next.js 14.2.35

   Creating an optimized production build ...
 Γ£ô Compiled successfully
   Linting and checking validity of types ...
node.exe : 
At line:1 char:1
+ & "C:\Program 
Files\nodejs/node.exe" "C:\
Users\Dalya\AppData\Roaming
\ ...
+ ~~~~~~~~~~~~~~~~~~~~~~~~~
~~~~~~~~~~~~~~~~~~~~~~~~~~~
~~~~~~~~~~~~~~~~~
    + CategoryInfo         
     : NotSpecified: (:St  
  ring) [], RemoteExcept   
 ion
    + FullyQualifiedErrorI 
   d : NativeCommandError
 
Failed to compile.

./components/BentoGrid.tsx
4:29  Error: 
'useAnimation' is defined 
but never used.  @typescrip
t-eslint/no-unused-vars

./components/CommandBar.tsx
136:155  Error: `'` can be 
escaped with `&apos;`, 
`&lsquo;`, `&#39;`, 
`&rsquo;`.  
react/no-unescaped-entities
136:166  Error: `'` can be 
escaped with `&apos;`, 
`&lsquo;`, `&#39;`, 
`&rsquo;`.  
react/no-unescaped-entities

./components/ParticleField.
tsx
167:15  Error: 
'baseTarget' is never 
reassigned. Use 'const' 
instead.  prefer-const
171:21  Error: 't' is 
assigned a value but never 
used.  @typescript-eslint/n
o-unused-vars
218:22  Warning: The ref 
value 'mountRef.current' 
will likely have changed 
by the time this effect 
cleanup function runs. If 
this ref points to a node 
rendered by React, copy 
'mountRef.current' to a 
variable inside the 
effect, and use that 
variable in the cleanup 
function.  
react-hooks/exhaustive-deps

info  - Need to disable 
some ESLint rules? Learn 
more here: https://nextjs.o
rg/docs/basic-features/esli
nt#disabling-rules
